================================================== 
[SERVICE START Wed 09/10/2025 15:09:38.27] Django Service Starting 
USERNAME=ragib 
COMPUTERNAME=BPBLAIDev 
PROJECT_DIR=C:\Users\ragib\DeployInternally\SalesAgent\src 
VENV_DIR=C:\Users\ragib\DeployInternally\SalesAgent\venv 
PYTHON_EXE=C:\Users\ragib\DeployInternally\SalesAgent\venv\Scripts\python.exe 
SSL_CERT=C:\Users\ragib\DeployInternally\ssl\BPBL-2025-2026.crt 
SSL_KEY=C:\Users\ragib\DeployInternally\ssl\BPBL-2025-2026.key 
================================================== 
Activating virtual environment... 
Testing Python and virtual environment... 
Python executable: C:\Users\ragib\DeployInternally\SalesAgent\venv\Scripts\python.exe
Django version: 5.0.14
Traceback (most recent call last):
  File "<string>", line 1, in <module>
ModuleNotFoundError: No module named 'OpenSSL'
ERROR: pyOpenSSL not available in venv. 
================================================== 
[SERVICE START Wed 09/10/2025 15:09:42.06] Django Service Starting 
USERNAME=ragib 
COMPUTERNAME=BPBLAIDev 
PROJECT_DIR=C:\Users\ragib\DeployInternally\SalesAgent\src 
VENV_DIR=C:\Users\ragib\DeployInternally\SalesAgent\venv 
PYTHON_EXE=C:\Users\ragib\DeployInternally\SalesAgent\venv\Scripts\python.exe 
SSL_CERT=C:\Users\ragib\DeployInternally\ssl\BPBL-2025-2026.crt 
SSL_KEY=C:\Users\ragib\DeployInternally\ssl\BPBL-2025-2026.key 
================================================== 
Activating virtual environment... 
Testing Python and virtual environment... 
Python executable: C:\Users\ragib\DeployInternally\SalesAgent\venv\Scripts\python.exe
Django version: 5.0.14
Traceback (most recent call last):
  File "<string>", line 1, in <module>
ModuleNotFoundError: No module named 'OpenSSL'
ERROR: pyOpenSSL not available in venv. 
================================================== 
[SERVICE START Wed 09/10/2025 15:09:45.93] Django Service Starting 
USERNAME=ragib 
COMPUTERNAME=BPBLAIDev 
PROJECT_DIR=C:\Users\ragib\DeployInternally\SalesAgent\src 
VENV_DIR=C:\Users\ragib\DeployInternally\SalesAgent\venv 
PYTHON_EXE=C:\Users\ragib\DeployInternally\SalesAgent\venv\Scripts\python.exe 
SSL_CERT=C:\Users\ragib\DeployInternally\ssl\BPBL-2025-2026.crt 
SSL_KEY=C:\Users\ragib\DeployInternally\ssl\BPBL-2025-2026.key 
================================================== 
Activating virtual environment... 
Testing Python and virtual environment... 
Python executable: C:\Users\ragib\DeployInternally\SalesAgent\venv\Scripts\python.exe
Django version: 5.0.14
Traceback (most recent call last):
  File "<string>", line 1, in <module>
ModuleNotFoundError: No module named 'OpenSSL'
ERROR: pyOpenSSL not available in venv. 
================================================== 
[SERVICE START Wed 09/10/2025 15:09:49.78] Django Service Starting 
USERNAME=ragib 
COMPUTERNAME=BPBLAIDev 
PROJECT_DIR=C:\Users\ragib\DeployInternally\SalesAgent\src 
VENV_DIR=C:\Users\ragib\DeployInternally\SalesAgent\venv 
PYTHON_EXE=C:\Users\ragib\DeployInternally\SalesAgent\venv\Scripts\python.exe 
SSL_CERT=C:\Users\ragib\DeployInternally\ssl\BPBL-2025-2026.crt 
SSL_KEY=C:\Users\ragib\DeployInternally\ssl\BPBL-2025-2026.key 
================================================== 
Activating virtual environment... 
================================================== 
[SERVICE START Wed 09/10/2025 15:10:02.81] Django Service Starting 
USERNAME=ragib 
COMPUTERNAME=BPBLAIDev 
PROJECT_DIR=C:\Users\ragib\DeployInternally\SalesAgent\src 
VENV_DIR=C:\Users\ragib\DeployInternally\SalesAgent\venv 
PYTHON_EXE=C:\Users\ragib\DeployInternally\SalesAgent\venv\Scripts\python.exe 
SSL_CERT=C:\Users\ragib\DeployInternally\ssl\BPBL-2025-2026.crt 
SSL_KEY=C:\Users\ragib\DeployInternally\ssl\BPBL-2025-2026.key 
================================================== 
Activating virtual environment... 
Testing Python and virtual environment... 
Python executable: C:\Users\ragib\DeployInternally\SalesAgent\venv\Scripts\python.exe
Django version: 5.0.14
Traceback (most recent call last):
  File "<string>", line 1, in <module>
ModuleNotFoundError: No module named 'OpenSSL'
ERROR: pyOpenSSL not available in venv. 
================================================== 
[SERVICE START Wed 09/10/2025 15:10:06.75] Django Service Starting 
USERNAME=ragib 
COMPUTERNAME=BPBLAIDev 
PROJECT_DIR=C:\Users\ragib\DeployInternally\SalesAgent\src 
VENV_DIR=C:\Users\ragib\DeployInternally\SalesAgent\venv 
PYTHON_EXE=C:\Users\ragib\DeployInternally\SalesAgent\venv\Scripts\python.exe 
SSL_CERT=C:\Users\ragib\DeployInternally\ssl\BPBL-2025-2026.crt 
SSL_KEY=C:\Users\ragib\DeployInternally\ssl\BPBL-2025-2026.key 
================================================== 
Activating virtual environment... 
Testing Python and virtual environment... 
Python executable: C:\Users\ragib\DeployInternally\SalesAgent\venv\Scripts\python.exe
Django version: 5.0.14
Traceback (most recent call last):
  File "<string>", line 1, in <module>
ModuleNotFoundError: No module named 'OpenSSL'
ERROR: pyOpenSSL not available in venv. 
================================================== 
[SERVICE START Wed 09/10/2025 15:10:10.62] Django Service Starting 
USERNAME=ragib 
COMPUTERNAME=BPBLAIDev 
PROJECT_DIR=C:\Users\ragib\DeployInternally\SalesAgent\src 
VENV_DIR=C:\Users\ragib\DeployInternally\SalesAgent\venv 
PYTHON_EXE=C:\Users\ragib\DeployInternally\SalesAgent\venv\Scripts\python.exe 
SSL_CERT=C:\Users\ragib\DeployInternally\ssl\BPBL-2025-2026.crt 
SSL_KEY=C:\Users\ragib\DeployInternally\ssl\BPBL-2025-2026.key 
================================================== 
Activating virtual environment... 
Testing Python and virtual environment... 
Python executable: C:\Users\ragib\DeployInternally\SalesAgent\venv\Scripts\python.exe
Django version: 5.0.14
Traceback (most recent call last):
  File "<string>", line 1, in <module>
ModuleNotFoundError: No module named 'OpenSSL'
ERROR: pyOpenSSL not available in venv. 
================================================== 
[SERVICE START Wed 09/10/2025 15:10:14.55] Django Service Starting 
USERNAME=ragib 
COMPUTERNAME=BPBLAIDev 
PROJECT_DIR=C:\Users\ragib\DeployInternally\SalesAgent\src 
VENV_DIR=C:\Users\ragib\DeployInternally\SalesAgent\venv 
PYTHON_EXE=C:\Users\ragib\DeployInternally\SalesAgent\venv\Scripts\python.exe 
SSL_CERT=C:\Users\ragib\DeployInternally\ssl\BPBL-2025-2026.crt 
SSL_KEY=C:\Users\ragib\DeployInternally\ssl\BPBL-2025-2026.key 
================================================== 
Activating virtual environment... 
Testing Python and virtual environment... 
Python executable: C:\Users\ragib\DeployInternally\SalesAgent\venv\Scripts\python.exe
Django version: 5.0.14
Traceback (most recent call last):
  File "<string>", line 1, in <module>
ModuleNotFoundError: No module named 'OpenSSL'
ERROR: pyOpenSSL not available in venv. 
================================================== 
[SERVICE START Wed 09/10/2025 15:10:18.47] Django Service Starting 
USERNAME=ragib 
COMPUTERNAME=BPBLAIDev 
PROJECT_DIR=C:\Users\ragib\DeployInternally\SalesAgent\src 
VENV_DIR=C:\Users\ragib\DeployInternally\SalesAgent\venv 
PYTHON_EXE=C:\Users\ragib\DeployInternally\SalesAgent\venv\Scripts\python.exe 
SSL_CERT=C:\Users\ragib\DeployInternally\ssl\BPBL-2025-2026.crt 
SSL_KEY=C:\Users\ragib\DeployInternally\ssl\BPBL-2025-2026.key 
================================================== 
Activating virtual environment... 
Testing Python and virtual environment... 
Python executable: C:\Users\ragib\DeployInternally\SalesAgent\venv\Scripts\python.exe
Django version: 5.0.14
Traceback (most recent call last):
  File "<string>", line 1, in <module>
ModuleNotFoundError: No module named 'OpenSSL'
ERROR: pyOpenSSL not available in venv. 
================================================== 
[SERVICE START Wed 09/10/2025 15:10:22.42] Django Service Starting 
USERNAME=ragib 
COMPUTERNAME=BPBLAIDev 
PROJECT_DIR=C:\Users\ragib\DeployInternally\SalesAgent\src 
VENV_DIR=C:\Users\ragib\DeployInternally\SalesAgent\venv 
PYTHON_EXE=C:\Users\ragib\DeployInternally\SalesAgent\venv\Scripts\python.exe 
SSL_CERT=C:\Users\ragib\DeployInternally\ssl\BPBL-2025-2026.crt 
SSL_KEY=C:\Users\ragib\DeployInternally\ssl\BPBL-2025-2026.key 
================================================== 
Activating virtual environment... 
Testing Python and virtual environment... 
Python executable: C:\Users\ragib\DeployInternally\SalesAgent\venv\Scripts\python.exe
Django version: 5.0.14
Traceback (most recent call last):
  File "<string>", line 1, in <module>
ModuleNotFoundError: No module named 'OpenSSL'
ERROR: pyOpenSSL not available in venv. 
================================================== 
[SERVICE START Wed 09/10/2025 15:10:26.35] Django Service Starting 
USERNAME=ragib 
COMPUTERNAME=BPBLAIDev 
PROJECT_DIR=C:\Users\ragib\DeployInternally\SalesAgent\src 
VENV_DIR=C:\Users\ragib\DeployInternally\SalesAgent\venv 
PYTHON_EXE=C:\Users\ragib\DeployInternally\SalesAgent\venv\Scripts\python.exe 
SSL_CERT=C:\Users\ragib\DeployInternally\ssl\BPBL-2025-2026.crt 
SSL_KEY=C:\Users\ragib\DeployInternally\ssl\BPBL-2025-2026.key 
================================================== 
Activating virtual environment... 
Testing Python and virtual environment... 
Python executable: C:\Users\ragib\DeployInternally\SalesAgent\venv\Scripts\python.exe
Django version: 5.0.14
Traceback (most recent call last):
  File "<string>", line 1, in <module>
ModuleNotFoundError: No module named 'OpenSSL'
ERROR: pyOpenSSL not available in venv. 
================================================== 
[SERVICE START Wed 09/10/2025 15:10:30.27] Django Service Starting 
USERNAME=ragib 
COMPUTERNAME=BPBLAIDev 
PROJECT_DIR=C:\Users\ragib\DeployInternally\SalesAgent\src 
VENV_DIR=C:\Users\ragib\DeployInternally\SalesAgent\venv 
PYTHON_EXE=C:\Users\ragib\DeployInternally\SalesAgent\venv\Scripts\python.exe 
SSL_CERT=C:\Users\ragib\DeployInternally\ssl\BPBL-2025-2026.crt 
SSL_KEY=C:\Users\ragib\DeployInternally\ssl\BPBL-2025-2026.key 
================================================== 
Activating virtual environment... 
Testing Python and virtual environment... 
Python executable: C:\Users\ragib\DeployInternally\SalesAgent\venv\Scripts\python.exe
Django version: 5.0.14
Traceback (most recent call last):
  File "<string>", line 1, in <module>
ModuleNotFoundError: No module named 'OpenSSL'
ERROR: pyOpenSSL not available in venv. 
================================================== 
[SERVICE START Wed 09/10/2025 15:10:34.16] Django Service Starting 
USERNAME=ragib 
COMPUTERNAME=BPBLAIDev 
PROJECT_DIR=C:\Users\ragib\DeployInternally\SalesAgent\src 
VENV_DIR=C:\Users\ragib\DeployInternally\SalesAgent\venv 
PYTHON_EXE=C:\Users\ragib\DeployInternally\SalesAgent\venv\Scripts\python.exe 
SSL_CERT=C:\Users\ragib\DeployInternally\ssl\BPBL-2025-2026.crt 
SSL_KEY=C:\Users\ragib\DeployInternally\ssl\BPBL-2025-2026.key 
================================================== 
Activating virtual environment... 
Testing Python and virtual environment... 
Python executable: C:\Users\ragib\DeployInternally\SalesAgent\venv\Scripts\python.exe
Django version: 5.0.14
Traceback (most recent call last):
  File "<string>", line 1, in <module>
ModuleNotFoundError: No module named 'OpenSSL'
ERROR: pyOpenSSL not available in venv. 
================================================== 
[SERVICE START Wed 09/10/2025 15:10:38.05] Django Service Starting 
USERNAME=ragib 
COMPUTERNAME=BPBLAIDev 
PROJECT_DIR=C:\Users\ragib\DeployInternally\SalesAgent\src 
VENV_DIR=C:\Users\ragib\DeployInternally\SalesAgent\venv 
PYTHON_EXE=C:\Users\ragib\DeployInternally\SalesAgent\venv\Scripts\python.exe 
SSL_CERT=C:\Users\ragib\DeployInternally\ssl\BPBL-2025-2026.crt 
SSL_KEY=C:\Users\ragib\DeployInternally\ssl\BPBL-2025-2026.key 
================================================== 
Activating virtual environment... 
Testing Python and virtual environment... 
Python executable: C:\Users\ragib\DeployInternally\SalesAgent\venv\Scripts\python.exe
Django version: 5.0.14
Traceback (most recent call last):
  File "<string>", line 1, in <module>
ModuleNotFoundError: No module named 'OpenSSL'
ERROR: pyOpenSSL not available in venv. 
================================================== 
[SERVICE START Wed 09/10/2025 15:10:41.95] Django Service Starting 
USERNAME=ragib 
COMPUTERNAME=BPBLAIDev 
PROJECT_DIR=C:\Users\ragib\DeployInternally\SalesAgent\src 
VENV_DIR=C:\Users\ragib\DeployInternally\SalesAgent\venv 
PYTHON_EXE=C:\Users\ragib\DeployInternally\SalesAgent\venv\Scripts\python.exe 
SSL_CERT=C:\Users\ragib\DeployInternally\ssl\BPBL-2025-2026.crt 
SSL_KEY=C:\Users\ragib\DeployInternally\ssl\BPBL-2025-2026.key 
================================================== 
Activating virtual environment... 
Testing Python and virtual environment... 
Python executable: C:\Users\ragib\DeployInternally\SalesAgent\venv\Scripts\python.exe
Django version: 5.0.14
Traceback (most recent call last):
  File "<string>", line 1, in <module>
ModuleNotFoundError: No module named 'OpenSSL'
ERROR: pyOpenSSL not available in venv. 
================================================== 
[SERVICE START Wed 09/10/2025 15:10:45.90] Django Service Starting 
USERNAME=ragib 
COMPUTERNAME=BPBLAIDev 
PROJECT_DIR=C:\Users\ragib\DeployInternally\SalesAgent\src 
VENV_DIR=C:\Users\ragib\DeployInternally\SalesAgent\venv 
PYTHON_EXE=C:\Users\ragib\DeployInternally\SalesAgent\venv\Scripts\python.exe 
SSL_CERT=C:\Users\ragib\DeployInternally\ssl\BPBL-2025-2026.crt 
SSL_KEY=C:\Users\ragib\DeployInternally\ssl\BPBL-2025-2026.key 
================================================== 
Activating virtual environment... 
Testing Python and virtual environment... 
Python executable: C:\Users\ragib\DeployInternally\SalesAgent\venv\Scripts\python.exe
Django version: 5.0.14
Traceback (most recent call last):
  File "<string>", line 1, in <module>
ModuleNotFoundError: No module named 'OpenSSL'
ERROR: pyOpenSSL not available in venv. 
================================================== 
[SERVICE START Wed 09/10/2025 15:10:49.79] Django Service Starting 
USERNAME=ragib 
COMPUTERNAME=BPBLAIDev 
PROJECT_DIR=C:\Users\ragib\DeployInternally\SalesAgent\src 
VENV_DIR=C:\Users\ragib\DeployInternally\SalesAgent\venv 
PYTHON_EXE=C:\Users\ragib\DeployInternally\SalesAgent\venv\Scripts\python.exe 
SSL_CERT=C:\Users\ragib\DeployInternally\ssl\BPBL-2025-2026.crt 
SSL_KEY=C:\Users\ragib\DeployInternally\ssl\BPBL-2025-2026.key 
================================================== 
Activating virtual environment... 
Testing Python and virtual environment... 
Python executable: C:\Users\ragib\DeployInternally\SalesAgent\venv\Scripts\python.exe
Django version: 5.0.14
Traceback (most recent call last):
  File "<string>", line 1, in <module>
ModuleNotFoundError: No module named 'OpenSSL'
ERROR: pyOpenSSL not available in venv. 
================================================== 
[SERVICE START Wed 09/10/2025 15:10:53.75] Django Service Starting 
USERNAME=ragib 
COMPUTERNAME=BPBLAIDev 
PROJECT_DIR=C:\Users\ragib\DeployInternally\SalesAgent\src 
VENV_DIR=C:\Users\ragib\DeployInternally\SalesAgent\venv 
PYTHON_EXE=C:\Users\ragib\DeployInternally\SalesAgent\venv\Scripts\python.exe 
SSL_CERT=C:\Users\ragib\DeployInternally\ssl\BPBL-2025-2026.crt 
SSL_KEY=C:\Users\ragib\DeployInternally\ssl\BPBL-2025-2026.key 
================================================== 
Activating virtual environment... 
Testing Python and virtual environment... 
Python executable: C:\Users\ragib\DeployInternally\SalesAgent\venv\Scripts\python.exe
Django version: 5.0.14
Traceback (most recent call last):
  File "<string>", line 1, in <module>
ModuleNotFoundError: No module named 'OpenSSL'
ERROR: pyOpenSSL not available in venv. 
================================================== 
[SERVICE START Wed 09/10/2025 15:10:57.66] Django Service Starting 
USERNAME=ragib 
COMPUTERNAME=BPBLAIDev 
PROJECT_DIR=C:\Users\ragib\DeployInternally\SalesAgent\src 
VENV_DIR=C:\Users\ragib\DeployInternally\SalesAgent\venv 
PYTHON_EXE=C:\Users\ragib\DeployInternally\SalesAgent\venv\Scripts\python.exe 
SSL_CERT=C:\Users\ragib\DeployInternally\ssl\BPBL-2025-2026.crt 
SSL_KEY=C:\Users\ragib\DeployInternally\ssl\BPBL-2025-2026.key 
================================================== 
Activating virtual environment... 
================================================== 
[SERVICE START Wed 09/10/2025 15:16:29.01] Django Service Starting 
USERNAME=ragib 
COMPUTERNAME=BPBLAIDev 
PROJECT_DIR=C:\Users\ragib\DeployInternally\SalesAgent\src 
VENV_DIR=C:\Users\ragib\DeployInternally\SalesAgent\venv 
PYTHON_EXE=C:\Users\ragib\DeployInternally\SalesAgent\venv\Scripts\python.exe 
SSL_CERT=C:\Users\ragib\DeployInternally\ssl\BPBL-2025-2026.crt 
SSL_KEY=C:\Users\ragib\DeployInternally\ssl\BPBL-2025-2026.key 
================================================== 
Activating virtual environment... 
Testing Python and virtual environment... 
Python executable: C:\Users\ragib\DeployInternally\SalesAgent\venv\Scripts\python.exe
Django version: 5.0.14
pyOpenSSL OK: 25.1.0
Starting Django server on 0.0.0.0:9000 with SSL 
[INFO Wed 09/10/2025 15:16:29.01] Django server starting on 0.0.0.0:9000 with SSL 
